// Vitest Snapshot v1, https://vitest.dev/guide/snapshot.html

exports[`getArc function > arcs work 1`] = `
[
  [
    -73.9974,
    40.72145,
    0,
  ],
  [
    -73.975245,
    40.714805,
    1649.7272501841032,
  ],
  [
    -73.95309,
    40.70816,
    3052.605444534226,
  ],
  [
    -73.930935,
    40.701515,
    4115.142767875739,
  ],
  [
    -73.90878000000001,
    40.69487,
    4775.939698111776,
  ],
  [
    -73.88662500000001,
    40.688225,
    5000,
  ],
  [
    -73.86447,
    40.68158,
    4775.939698111776,
  ],
  [
    -73.842315,
    40.674935,
    4115.14276787574,
  ],
  [
    -73.82016,
    40.66829,
    3052.6054445342243,
  ],
  [
    -73.798005,
    40.661645,
    1649.7272501841032,
  ],
  [
    -73.77585,
    40.655,
    0,
  ],
]
`;

exports[`getArc function > tilted arcs work 1`] = `
[
  [
    -73.9974,
    40.72145,
    0,
  ],
  [
    -73.96962164329857,
    40.7290159142383,
    1.0101665982020633e-13,
  ],
  [
    -73.94268574907245,
    40.73445544621441,
    1.8691817433543117e-13,
  ],
  [
    -73.91691068301331,
    40.73696324815505,
    2.519798209356702e-13,
  ],
  [
    -73.89250532493232,
    40.7360104184841,
    2.9244196321066814e-13,
  ],
  [
    -73.86958850753565,
    40.73129549615845,
    3.061616997868383e-13,
  ],
  [
    -73.84819857025437,
    40.722720418484094,
    2.9244196321066814e-13,
  ],
  [
    -73.8282962756151,
    40.71038324815505,
    2.5197982093567023e-13,
  ],
  [
    -73.80976197194592,
    40.69458544621441,
    1.8691817433543104e-13,
  ],
  [
    -73.7923861273568,
    40.675855914238305,
    1.0101665982020633e-13,
  ],
  [
    -73.77585,
    40.655,
    0,
  ],
]
`;
